Archive member included to satisfy reference by file (symbol)

d:/stm32cubeide_1.7.0/stm32cubeide/plugins/com.st.stm32cube.ide.mcu.externaltools.gnu-tools-for-stm32.9-2020-q2-update.win32_2.0.0.202105311346/tools/bin/../lib/gcc/arm-none-eabi/9.3.1/../../../../arm-none-eabi/lib/thumb/v7-m/nofp\libc_nano.a(lib_a-errno.o)
                              ./Core/Src/syscalls.o (__errno)
d:/stm32cubeide_1.7.0/stm32cubeide/plugins/com.st.stm32cube.ide.mcu.externaltools.gnu-tools-for-stm32.9-2020-q2-update.win32_2.0.0.202105311346/tools/bin/../lib/gcc/arm-none-eabi/9.3.1/../../../../arm-none-eabi/lib/thumb/v7-m/nofp\libc_nano.a(lib_a-exit.o)
                              d:/stm32cubeide_1.7.0/stm32cubeide/plugins/com.st.stm32cube.ide.mcu.externaltools.gnu-tools-for-stm32.9-2020-q2-update.win32_2.0.0.202105311346/tools/bin/../lib/gcc/arm-none-eabi/9.3.1/../../../../arm-none-eabi/lib/thumb/v7-m/nofp/crt0.o (exit)
d:/stm32cubeide_1.7.0/stm32cubeide/plugins/com.st.stm32cube.ide.mcu.externaltools.gnu-tools-for-stm32.9-2020-q2-update.win32_2.0.0.202105311346/tools/bin/../lib/gcc/arm-none-eabi/9.3.1/../../../../arm-none-eabi/lib/thumb/v7-m/nofp\libc_nano.a(lib_a-impure.o)
                              d:/stm32cubeide_1.7.0/stm32cubeide/plugins/com.st.stm32cube.ide.mcu.externaltools.gnu-tools-for-stm32.9-2020-q2-update.win32_2.0.0.202105311346/tools/bin/../lib/gcc/arm-none-eabi/9.3.1/../../../../arm-none-eabi/lib/thumb/v7-m/nofp\libc_nano.a(lib_a-exit.o) (_global_impure_ptr)
d:/stm32cubeide_1.7.0/stm32cubeide/plugins/com.st.stm32cube.ide.mcu.externaltools.gnu-tools-for-stm32.9-2020-q2-update.win32_2.0.0.202105311346/tools/bin/../lib/gcc/arm-none-eabi/9.3.1/../../../../arm-none-eabi/lib/thumb/v7-m/nofp\libc_nano.a(lib_a-init.o)
                              d:/stm32cubeide_1.7.0/stm32cubeide/plugins/com.st.stm32cube.ide.mcu.externaltools.gnu-tools-for-stm32.9-2020-q2-update.win32_2.0.0.202105311346/tools/bin/../lib/gcc/arm-none-eabi/9.3.1/../../../../arm-none-eabi/lib/thumb/v7-m/nofp/crt0.o (__libc_init_array)
d:/stm32cubeide_1.7.0/stm32cubeide/plugins/com.st.stm32cube.ide.mcu.externaltools.gnu-tools-for-stm32.9-2020-q2-update.win32_2.0.0.202105311346/tools/bin/../lib/gcc/arm-none-eabi/9.3.1/../../../../arm-none-eabi/lib/thumb/v7-m/nofp\libc_nano.a(lib_a-memset.o)
                              d:/stm32cubeide_1.7.0/stm32cubeide/plugins/com.st.stm32cube.ide.mcu.externaltools.gnu-tools-for-stm32.9-2020-q2-update.win32_2.0.0.202105311346/tools/bin/../lib/gcc/arm-none-eabi/9.3.1/../../../../arm-none-eabi/lib/thumb/v7-m/nofp/crt0.o (memset)

Allocating common symbols
Common symbol       size              file

timer_counter       0x28              ./Core/Src/software_timer.o
uwTick              0x4               ./Drivers/STM32F1xx_HAL_Driver/Src/stm32f1xx_hal.o
pFlash              0x20              ./Drivers/STM32F1xx_HAL_Driver/Src/stm32f1xx_hal_flash.o
timer_flag          0x28              ./Core/Src/software_timer.o
htim2               0x48              ./Core/Src/main.o

Discarded input sections

 .text          0x0000000000000000        0x0 d:/stm32cubeide_1.7.0/stm32cubeide/plugins/com.st.stm32cube.ide.mcu.externaltools.gnu-tools-for-stm32.9-2020-q2-update.win32_2.0.0.202105311346/tools/bin/../lib/gcc/arm-none-eabi/9.3.1/thumb/v7-m/nofp/crti.o
 .data          0x0000000000000000        0x0 d:/stm32cubeide_1.7.0/stm32cubeide/plugins/com.st.stm32cube.ide.mcu.externaltools.gnu-tools-for-stm32.9-2020-q2-update.win32_2.0.0.202105311346/tools/bin/../lib/gcc/arm-none-eabi/9.3.1/thumb/v7-m/nofp/crti.o
 .bss           0x0000000000000000        0x0 d:/stm32cubeide_1.7.0/stm32cubeide/plugins/com.st.stm32cube.ide.mcu.externaltools.gnu-tools-for-stm32.9-2020-q2-update.win32_2.0.0.202105311346/tools/bin/../lib/gcc/arm-none-eabi/9.3.1/thumb/v7-m/nofp/crti.o
 .data          0x0000000000000000        0x4 d:/stm32cubeide_1.7.0/stm32cubeide/plugins/com.st.stm32cube.ide.mcu.externaltools.gnu-tools-for-stm32.9-2020-q2-update.win32_2.0.0.202105311346/tools/bin/../lib/gcc/arm-none-eabi/9.3.1/thumb/v7-m/nofp/crtbegin.o
 .text          0x0000000000000000       0x7c d:/stm32cubeide_1.7.0/stm32cubeide/plugins/com.st.stm32cube.ide.mcu.externaltools.gnu-tools-for-stm32.9-2020-q2-update.win32_2.0.0.202105311346/tools/bin/../lib/gcc/arm-none-eabi/9.3.1/../../../../arm-none-eabi/lib/thumb/v7-m/nofp/crt0.o
 .data          0x0000000000000000        0x0 d:/stm32cubeide_1.7.0/stm32cubeide/plugins/com.st.stm32cube.ide.mcu.externaltools.gnu-tools-for-stm32.9-2020-q2-update.win32_2.0.0.202105311346/tools/bin/../lib/gcc/arm-none-eabi/9.3.1/../../../../arm-none-eabi/lib/thumb/v7-m/nofp/crt0.o
 .bss           0x0000000000000000        0x0 d:/stm32cubeide_1.7.0/stm32cubeide/plugins/com.st.stm32cube.ide.mcu.externaltools.gnu-tools-for-stm32.9-2020-q2-update.win32_2.0.0.202105311346/tools/bin/../lib/gcc/arm-none-eabi/9.3.1/../../../../arm-none-eabi/lib/thumb/v7-m/nofp/crt0.o
[...]
Memory Configuration

Name             Origin             Length             Attributes
RAM              0x0000000020000000 0x0000000000002800 xrw
FLASH            0x0000000008000000 0x0000000000008000 xr
*default*        0x0000000000000000 0xffffffffffffffff

Linker script and memory map

LOAD d:/stm32cubeide_1.7.0/stm32cubeide/plugins/com.st.stm32cube.ide.mcu.externaltools.gnu-tools-for-stm32.9-2020-q2-update.win32_2.0.0.202105311346/tools/bin/../lib/gcc/arm-none-eabi/9.3.1/thumb/v7-m/nofp/crti.o
LOAD d:/stm32cubeide_1.7.0/stm32cubeide/plugins/com.st.stm32cube.ide.mcu.externaltools.gnu-tools-for-stm32.9-2020-q2-update.win32_2.0.0.202105311346/tools/bin/../lib/gcc/arm-none-eabi/9.3.1/thumb/v7-m/nofp/crtbegin.o
LOAD d:/stm32cubeide_1.7.0/stm32cubeide/plugins/com.st.stm32cube.ide.mcu.externaltools.gnu-tools-for-stm32.9-2020-q2-update.win32_2.0.0.202105311346/tools/bin/../lib/gcc/arm-none-eabi/9.3.1/../../../../arm-none-eabi/lib/thumb/v7-m/nofp/crt0.o
LOAD ./Core/Src/button.o
LOAD ./Core/Src/fsm_automatic.o
LOAD ./Core/Src/fsm_manual.o
LOAD ./Core/Src/global.o
LOAD ./Core/Src/led.o
LOAD ./Core/Src/main.o
LOAD ./Core/Src/software_timer.o
LOAD ./Core/Src/stm32f1xx_hal_msp.o
LOAD ./Core/Src/stm32f1xx_it.o
LOAD ./Core/Src/syscalls.o
LOAD ./Core/Src/sysmem.o
LOAD ./Core/Src/system_stm32f1xx.o
LOAD ./Core/Src/traffic_light.o
LOAD ./Core/Startup/startup_stm32f103c6ux.o
LOAD ./Drivers/STM32F1xx_HAL_Driver/Src/stm32f1xx_hal.o
LOAD ./Drivers/STM32F1xx_HAL_Driver/Src/stm32f1xx_hal_cortex.o
LOAD ./Drivers/STM32F1xx_HAL_Driver/Src/stm32f1xx_hal_dma.o
LOAD ./Drivers/STM32F1xx_HAL_Driver/Src/stm32f1xx_hal_exti.o
LOAD ./Drivers/STM32F1xx_HAL_Driver/Src/stm32f1xx_hal_flash.o
LOAD ./Drivers/STM32F1xx_HAL_Driver/Src/stm32f1xx_hal_flash_ex.o
LOAD ./Drivers/STM32F1xx_HAL_Driver/Src/stm32f1xx_hal_gpio.o
LOAD ./Drivers/STM32F1xx_HAL_Driver/Src/stm32f1xx_hal_gpio_ex.o
LOAD ./Drivers/STM32F1xx_HAL_Driver/Src/stm32f1xx_hal_pwr.o
LOAD ./Drivers/STM32F1xx_HAL_Driver/Src/stm32f1xx_hal_rcc.o
LOAD ./Drivers/STM32F1xx_HAL_Driver/Src/stm32f1xx_hal_rcc_ex.o
LOAD ./Drivers/STM32F1xx_HAL_Driver/Src/stm32f1xx_hal_tim.o
LOAD ./Drivers/STM32F1xx_HAL_Driver/Src/stm32f1xx_hal_tim_ex.o
START GROUP
LOAD d:/stm32cubeide_1.7.0/stm32cubeide/plugins/com.st.stm32cube.ide.mcu.externaltools.gnu-tools-for-stm32.9-2020-q2-update.win32_2.0.0.202105311346/tools/bin/../lib/gcc/arm-none-eabi/9.3.1/../../../../arm-none-eabi/lib/thumb/v7-m/nofp\libc_nano.a
LOAD d:/stm32cubeide_1.7.0/stm32cubeide/plugins/com.st.stm32cube.ide.mcu.externaltools.gnu-tools-for-stm32.9-2020-q2-update.win32_2.0.0.202105311346/tools/bin/../lib/gcc/arm-none-eabi/9.3.1/../../../../arm-none-eabi/lib/thumb/v7-m/nofp\libm.a
END GROUP
START GROUP
LOAD d:/stm32cubeide_1.7.0/stm32cubeide/plugins/com.st.stm32cube.ide.mcu.externaltools.gnu-tools-for-stm32.9-2020-q2-update.win32_2.0.0.202105311346/tools/bin/../lib/gcc/arm-none-eabi/9.3.1/thumb/v7-m/nofp\libgcc.a
LOAD d:/stm32cubeide_1.7.0/stm32cubeide/plugins/com.st.stm32cube.ide.mcu.externaltools.gnu-tools-for-stm32.9-2020-q2-update.win32_2.0.0.202105311346/tools/bin/../lib/gcc/arm-none-eabi/9.3.1/../../../../arm-none-eabi/lib/thumb/v7-m/nofp\libc_nano.a
END GROUP
START GROUP
LOAD d:/stm32cubeide_1.7.0/stm32cubeide/plugins/com.st.stm32cube.ide.mcu.externaltools.gnu-tools-for-stm32.9-2020-q2-update.win32_2.0.0.202105311346/tools/bin/../lib/gcc/arm-none-eabi/9.3.1/thumb/v7-m/nofp\libgcc.a
LOAD d:/stm32cubeide_1.7.0/stm32cubeide/plugins/com.st.stm32cube.ide.mcu.externaltools.gnu-tools-for-stm32.9-2020-q2-update.win32_2.0.0.202105311346/tools/bin/../lib/gcc/arm-none-eabi/9.3.1/../../../../arm-none-eabi/lib/thumb/v7-m/nofp\libc_nano.a
LOAD d:/stm32cubeide_1.7.0/stm32cubeide/plugins/com.st.stm32cube.ide.mcu.externaltools.gnu-tools-for-stm32.9-2020-q2-update.win32_2.0.0.202105311346/tools/bin/../lib/gcc/arm-none-eabi/9.3.1/../../../../arm-none-eabi/lib/thumb/v7-m/nofp\libnosys.a
END GROUP
START GROUP
LOAD d:/stm32cubeide_1.7.0/stm32cubeide/plugins/com.st.stm32cube.ide.mcu.externaltools.gnu-tools-for-stm32.9-2020-q2-update.win32_2.0.0.202105311346/tools/bin/../lib/gcc/arm-none-eabi/9.3.1/thumb/v7-m/nofp\libgcc.a
LOAD d:/stm32cubeide_1.7.0/stm32cubeide/plugins/com.st.stm32cube.ide.mcu.externaltools.gnu-tools-for-stm32.9-2020-q2-update.win32_2.0.0.202105311346/tools/bin/../lib/gcc/arm-none-eabi/9.3.1/../../../../arm-none-eabi/lib/thumb/v7-m/nofp\libc_nano.a
LOAD d:/stm32cubeide_1.7.0/stm32cubeide/plugins/com.st.stm32cube.ide.mcu.externaltools.gnu-tools-for-stm32.9-2020-q2-update.win32_2.0.0.202105311346/tools/bin/../lib/gcc/arm-none-eabi/9.3.1/../../../../arm-none-eabi/lib/thumb/v7-m/nofp\libnosys.a
END GROUP
LOAD d:/stm32cubeide_1.7.0/stm32cubeide/plugins/com.st.stm32cube.ide.mcu.externaltools.gnu-tools-for-stm32.9-2020-q2-update.win32_2.0.0.202105311346/tools/bin/../lib/gcc/arm-none-eabi/9.3.1/thumb/v7-m/nofp/crtend.o
LOAD d:/stm32cubeide_1.7.0/stm32cubeide/plugins/com.st.stm32cube.ide.mcu.externaltools.gnu-tools-for-stm32.9-2020-q2-update.win32_2.0.0.202105311346/tools/bin/../lib/gcc/arm-none-eabi/9.3.1/thumb/v7-m/nofp/crtn.o
                0x0000000020002800                _estack = (ORIGIN (RAM) + LENGTH (RAM))
                0x0000000000000200                _Min_Heap_Size = 0x200
                0x0000000000000400                _Min_Stack_Size = 0x400

.isr_vector     0x0000000008000000      0x10c
                0x0000000008000000                . = ALIGN (0x4)
 *(.isr_vector)
 .isr_vector    0x0000000008000000      0x10c ./Core/Startup/startup_stm32f103c6ux.o
                0x0000000008000000                g_pfnVectors
                0x000000000800010c                . = ALIGN (0x4)

.text           0x000000000800010c     0x3024
                0x000000000800010c                . = ALIGN (0x4)
 *(.text)
 .text          0x000000000800010c       0x40 d:/stm32cubeide_1.7.0/stm32cubeide/plugins/com.st.stm32cube.ide.mcu.externaltools.gnu-tools-for-stm32.9-2020-q2-update.win32_2.0.0.202105311346/tools/bin/../lib/gcc/arm-none-eabi/9.3.1/thumb/v7-m/nofp/crtbegin.o
 *(.text*)
 .text.subKeyProcess
                0x000000000800014c       0x20 ./Core/Src/button.o
                0x000000000800014c                subKeyProcess
 .text.isButtonPressed
                0x000000000800016c       0x34 ./Core/Src/button.o
                0x000000000800016c                isButtonPressed
 .text.getKeyInput
                0x00000000080001a0      0x128 ./Core/Src/button.o
                0x00000000080001a0                getKeyInput
 .text.fsm_automatic_run
                0x00000000080002c8      0x624 ./Core/Src/fsm_automatic.o
                0x00000000080002c8                fsm_automatic_run
 .text.switchMode2
                0x00000000080008ec       0x78 ./Core/Src/fsm_manual.o
                0x00000000080008ec                switchMode2
 .text.switchMode3
                0x0000000008000964       0x78 ./Core/Src/fsm_manual.o
                0x0000000008000964                switchMode3
 .text.switchMode4
                0x00000000080009dc       0x78 ./Core/Src/fsm_manual.o
                0x00000000080009dc                switchMode4
 .text.fsm_manual_run
                0x0000000008000a54      0x45c ./Core/Src/fsm_manual.o
                0x0000000008000a54                fsm_manual_run
 .text.clearLed
                0x0000000008000eb0       0x48 ./Core/Src/led.o
                0x0000000008000eb0                clearLed
 .text.display7SEG
                0x0000000008000ef8      0x30c ./Core/Src/led.o
                0x0000000008000ef8                display7SEG
 .text.update7SEG
                0x0000000008001204      0x138 ./Core/Src/led.o
                0x0000000008001204                update7SEG
 .text.scanLedBuffer
                0x000000000800133c       0x44 ./Core/Src/led.o
                0x000000000800133c                scanLedBuffer
 .text.updateLedBufferVal
                0x0000000008001380       0x34 ./Core/Src/led.o
                0x0000000008001380                updateLedBufferVal
 .text.displayLed
                0x00000000080013b4       0x84 ./Core/Src/led.o
                0x00000000080013b4                displayLed
 .text.main     0x0000000008001438       0x34 ./Core/Src/main.o
                0x0000000008001438                main
 .text.SystemClock_Config
                0x000000000800146c       0x76 ./Core/Src/main.o
                0x000000000800146c                SystemClock_Config
 *fill*         0x00000000080014e2        0x2 
 .text.MX_TIM2_Init
                0x00000000080014e4       0x98 ./Core/Src/main.o
 .text.MX_GPIO_Init
                0x000000000800157c       0xe4 ./Core/Src/main.o
 .text.HAL_TIM_PeriodElapsedCallback
                0x0000000008001660       0x1c ./Core/Src/main.o
                0x0000000008001660                HAL_TIM_PeriodElapsedCallback
 .text.Error_Handler
                0x000000000800167c        0xa ./Core/Src/main.o
                0x000000000800167c                Error_Handler
 *fill*         0x0000000008001686        0x2 
 .text.set_timer
                0x0000000008001688       0x40 ./Core/Src/software_timer.o
                0x0000000008001688                set_timer
 .text.is_time_expired
                0x00000000080016c8       0x34 ./Core/Src/software_timer.o
                0x00000000080016c8                is_time_expired
 .text.timer_run
                0x00000000080016fc       0x60 ./Core/Src/software_timer.o
                0x00000000080016fc                timer_run
 .text.HAL_MspInit
                0x000000000800175c       0x64 ./Core/Src/stm32f1xx_hal_msp.o
                0x000000000800175c                HAL_MspInit
 .text.HAL_TIM_Base_MspInit
                0x00000000080017c0       0x48 ./Core/Src/stm32f1xx_hal_msp.o
                0x00000000080017c0                HAL_TIM_Base_MspInit
 .text.NMI_Handler
                0x0000000008001808        0x6 ./Core/Src/stm32f1xx_it.o
                0x0000000008001808                NMI_Handler
 .text.HardFault_Handler
                0x000000000800180e        0x6 ./Core/Src/stm32f1xx_it.o
                0x000000000800180e                HardFault_Handler
 .text.MemManage_Handler
                0x0000000008001814        0x6 ./Core/Src/stm32f1xx_it.o
                0x0000000008001814                MemManage_Handler
 .text.BusFault_Handler
                0x000000000800181a        0x6 ./Core/Src/stm32f1xx_it.o
                0x000000000800181a                BusFault_Handler
 .text.UsageFault_Handler
                0x0000000008001820        0x6 ./Core/Src/stm32f1xx_it.o
                0x0000000008001820                UsageFault_Handler
 .text.SVC_Handler
                0x0000000008001826        0xc ./Core/Src/stm32f1xx_it.o
                0x0000000008001826                SVC_Handler
 .text.DebugMon_Handler
                0x0000000008001832        0xc ./Core/Src/stm32f1xx_it.o
                0x0000000008001832                DebugMon_Handler
 .text.PendSV_Handler
                0x000000000800183e        0xc ./Core/Src/stm32f1xx_it.o
                0x000000000800183e                PendSV_Handler
 .text.SysTick_Handler
                0x000000000800184a        0xc ./Core/Src/stm32f1xx_it.o
                0x000000000800184a                SysTick_Handler
 *fill*         0x0000000008001856        0x2 
 .text.TIM2_IRQHandler
                0x0000000008001858       0x14 ./Core/Src/stm32f1xx_it.o
                0x0000000008001858                TIM2_IRQHandler
 .text.SystemInit
                0x000000000800186c        0xc ./Core/Src/system_stm32f1xx.o
                0x000000000800186c                SystemInit
 .text.redx_greeny
                0x0000000008001878       0x48 ./Core/Src/traffic_light.o
                0x0000000008001878                redx_greeny
 .text.redx_yellowy
                0x00000000080018c0       0x48 ./Core/Src/traffic_light.o
                0x00000000080018c0                redx_yellowy
 .text.greenx_redy
                0x0000000008001908       0x48 ./Core/Src/traffic_light.o
                0x0000000008001908                greenx_redy
 .text.yellowx_redy
                0x0000000008001950       0x48 ./Core/Src/traffic_light.o
                0x0000000008001950                yellowx_redy
 .text.red_man  0x0000000008001998       0x58 ./Core/Src/traffic_light.o
                0x0000000008001998                red_man
 .text.yellow_man
                0x00000000080019f0       0x58 ./Core/Src/traffic_light.o
                0x00000000080019f0                yellow_man
 .text.green_man
                0x0000000008001a48       0x58 ./Core/Src/traffic_light.o
                0x0000000008001a48                green_man
 .text.Reset_Handler
                0x0000000008001aa0       0x48 ./Core/Startup/startup_stm32f103c6ux.o
                0x0000000008001aa0                Reset_Handler
 .text.Default_Handler
                0x0000000008001ae8        0x2 ./Core/Startup/startup_stm32f103c6ux.o
                0x0000000008001ae8                RTC_Alarm_IRQHandler
                0x0000000008001ae8                EXTI2_IRQHandler
                0x0000000008001ae8                TIM1_CC_IRQHandler
                0x0000000008001ae8                PVD_IRQHandler
                0x0000000008001ae8                EXTI3_IRQHandler
                0x0000000008001ae8                EXTI0_IRQHandler
                0x0000000008001ae8                ADC1_2_IRQHandler
                0x0000000008001ae8                SPI1_IRQHandler
                0x0000000008001ae8                TAMPER_IRQHandler
                0x0000000008001ae8                DMA1_Channel4_IRQHandler
                0x0000000008001ae8                RTC_IRQHandler
                0x0000000008001ae8                DMA1_Channel7_IRQHandler
                0x0000000008001ae8                CAN1_RX1_IRQHandler
                0x0000000008001ae8                I2C1_EV_IRQHandler
                0x0000000008001ae8                DMA1_Channel6_IRQHandler
                0x0000000008001ae8                TIM3_IRQHandler
                0x0000000008001ae8                RCC_IRQHandler
                0x0000000008001ae8                TIM1_TRG_COM_IRQHandler
                0x0000000008001ae8                DMA1_Channel1_IRQHandler
                0x0000000008001ae8                Default_Handler
                0x0000000008001ae8                EXTI15_10_IRQHandler
                0x0000000008001ae8                EXTI9_5_IRQHandler
                0x0000000008001ae8                DMA1_Channel5_IRQHandler
                0x0000000008001ae8                EXTI4_IRQHandler
                0x0000000008001ae8                USB_LP_CAN1_RX0_IRQHandler
                0x0000000008001ae8                USB_HP_CAN1_TX_IRQHandler
                0x0000000008001ae8                DMA1_Channel3_IRQHandler
                0x0000000008001ae8                TIM1_UP_IRQHandler
                0x0000000008001ae8                WWDG_IRQHandler
                0x0000000008001ae8                TIM1_BRK_IRQHandler
                0x0000000008001ae8                EXTI1_IRQHandler
                0x0000000008001ae8                USART2_IRQHandler
                0x0000000008001ae8                DMA1_Channel2_IRQHandler
                0x0000000008001ae8                CAN1_SCE_IRQHandler
                0x0000000008001ae8                FLASH_IRQHandler
                0x0000000008001ae8                USART1_IRQHandler
                0x0000000008001ae8                I2C1_ER_IRQHandler
                0x0000000008001ae8                USBWakeUp_IRQHandler
 *fill*         0x0000000008001aea        0x2 
 .text.HAL_Init
                0x0000000008001aec       0x2c ./Drivers/STM32F1xx_HAL_Driver/Src/stm32f1xx_hal.o
                0x0000000008001aec                HAL_Init
 .text.HAL_InitTick
                0x0000000008001b18       0x60 ./Drivers/STM32F1xx_HAL_Driver/Src/stm32f1xx_hal.o
                0x0000000008001b18                HAL_InitTick
 .text.HAL_IncTick
                0x0000000008001b78       0x24 ./Drivers/STM32F1xx_HAL_Driver/Src/stm32f1xx_hal.o
                0x0000000008001b78                HAL_IncTick
 .text.HAL_GetTick
                0x0000000008001b9c       0x14 ./Drivers/STM32F1xx_HAL_Driver/Src/stm32f1xx_hal.o
                0x0000000008001b9c                HAL_GetTick
 .text.__NVIC_SetPriorityGrouping
                0x0000000008001bb0       0x48 ./Drivers/STM32F1xx_HAL_Driver/Src/stm32f1xx_hal_cortex.o
 .text.__NVIC_GetPriorityGrouping
                0x0000000008001bf8       0x1c ./Drivers/STM32F1xx_HAL_Driver/Src/stm32f1xx_hal_cortex.o
 .text.__NVIC_EnableIRQ
                0x0000000008001c14       0x38 ./Drivers/STM32F1xx_HAL_Driver/Src/stm32f1xx_hal_cortex.o
 .text.__NVIC_SetPriority
                0x0000000008001c4c       0x54 ./Drivers/STM32F1xx_HAL_Driver/Src/stm32f1xx_hal_cortex.o
 .text.NVIC_EncodePriority
                0x0000000008001ca0       0x64 ./Drivers/STM32F1xx_HAL_Driver/Src/stm32f1xx_hal_cortex.o
 .text.SysTick_Config
                0x0000000008001d04       0x44 ./Drivers/STM32F1xx_HAL_Driver/Src/stm32f1xx_hal_cortex.o
 .text.HAL_NVIC_SetPriorityGrouping
                0x0000000008001d48       0x16 ./Drivers/STM32F1xx_HAL_Driver/Src/stm32f1xx_hal_cortex.o
                0x0000000008001d48                HAL_NVIC_SetPriorityGrouping
 .text.HAL_NVIC_SetPriority
                0x0000000008001d5e       0x38 ./Drivers/STM32F1xx_HAL_Driver/Src/stm32f1xx_hal_cortex.o
                0x0000000008001d5e                HAL_NVIC_SetPriority
 .text.HAL_NVIC_EnableIRQ
                0x0000000008001d96       0x1c ./Drivers/STM32F1xx_HAL_Driver/Src/stm32f1xx_hal_cortex.o
                0x0000000008001d96                HAL_NVIC_EnableIRQ
 .text.HAL_SYSTICK_Config
                0x0000000008001db2       0x18 ./Drivers/STM32F1xx_HAL_Driver/Src/stm32f1xx_hal_cortex.o
                0x0000000008001db2                HAL_SYSTICK_Config
 *fill*         0x0000000008001dca        0x2 
 .text.HAL_GPIO_Init
                0x0000000008001dcc      0x2f4 ./Drivers/STM32F1xx_HAL_Driver/Src/stm32f1xx_hal_gpio.o
                0x0000000008001dcc                HAL_GPIO_Init
 .text.HAL_GPIO_ReadPin
                0x00000000080020c0       0x2e ./Drivers/STM32F1xx_HAL_Driver/Src/stm32f1xx_hal_gpio.o
                0x00000000080020c0                HAL_GPIO_ReadPin
 .text.HAL_GPIO_WritePin
                0x00000000080020ee       0x30 ./Drivers/STM32F1xx_HAL_Driver/Src/stm32f1xx_hal_gpio.o
                0x00000000080020ee                HAL_GPIO_WritePin
 .text.HAL_GPIO_TogglePin
                0x000000000800211e       0x32 ./Drivers/STM32F1xx_HAL_Driver/Src/stm32f1xx_hal_gpio.o
                0x000000000800211e                HAL_GPIO_TogglePin
 .text.HAL_RCC_OscConfig
                0x0000000008002150      0x500 ./Drivers/STM32F1xx_HAL_Driver/Src/stm32f1xx_hal_rcc.o
                0x0000000008002150                HAL_RCC_OscConfig
 .text.HAL_RCC_ClockConfig
                0x0000000008002650      0x1d4 ./Drivers/STM32F1xx_HAL_Driver/Src/stm32f1xx_hal_rcc.o
                0x0000000008002650                HAL_RCC_ClockConfig
 .text.HAL_RCC_GetSysClockFreq
                0x0000000008002824       0xa8 ./Drivers/STM32F1xx_HAL_Driver/Src/stm32f1xx_hal_rcc.o
                0x0000000008002824                HAL_RCC_GetSysClockFreq
 .text.RCC_Delay
                0x00000000080028cc       0x3c ./Drivers/STM32F1xx_HAL_Driver/Src/stm32f1xx_hal_rcc.o
 .text.HAL_TIM_Base_Init
                0x0000000008002908       0x9e ./Drivers/STM32F1xx_HAL_Driver/Src/stm32f1xx_hal_tim.o
                0x0000000008002908                HAL_TIM_Base_Init
 *fill*         0x00000000080029a6        0x2 
 .text.HAL_TIM_Base_Start_IT
                0x00000000080029a8       0x98 ./Drivers/STM32F1xx_HAL_Driver/Src/stm32f1xx_hal_tim.o
                0x00000000080029a8                HAL_TIM_Base_Start_IT
 .text.HAL_TIM_IRQHandler
                0x0000000008002a40      0x1e0 ./Drivers/STM32F1xx_HAL_Driver/Src/stm32f1xx_hal_tim.o
                0x0000000008002a40                HAL_TIM_IRQHandler
 .text.HAL_TIM_ConfigClockSource
                0x0000000008002c20      0x18e ./Drivers/STM32F1xx_HAL_Driver/Src/stm32f1xx_hal_tim.o
                0x0000000008002c20                HAL_TIM_ConfigClockSource
 .text.HAL_TIM_OC_DelayElapsedCallback
                0x0000000008002dae       0x12 ./Drivers/STM32F1xx_HAL_Driver/Src/stm32f1xx_hal_tim.o
                0x0000000008002dae                HAL_TIM_OC_DelayElapsedCallback
 .text.HAL_TIM_IC_CaptureCallback
                0x0000000008002dc0       0x12 ./Drivers/STM32F1xx_HAL_Driver/Src/stm32f1xx_hal_tim.o
                0x0000000008002dc0                HAL_TIM_IC_CaptureCallback
 .text.HAL_TIM_PWM_PulseFinishedCallback
                0x0000000008002dd2       0x12 ./Drivers/STM32F1xx_HAL_Driver/Src/stm32f1xx_hal_tim.o
                0x0000000008002dd2                HAL_TIM_PWM_PulseFinishedCallback
 .text.HAL_TIM_TriggerCallback
                0x0000000008002de4       0x12 ./Drivers/STM32F1xx_HAL_Driver/Src/stm32f1xx_hal_tim.o
                0x0000000008002de4                HAL_TIM_TriggerCallback
 *fill*         0x0000000008002df6        0x2 
 .text.TIM_Base_SetConfig
                0x0000000008002df8       0xc8 ./Drivers/STM32F1xx_HAL_Driver/Src/stm32f1xx_hal_tim.o
                0x0000000008002df8                TIM_Base_SetConfig
 .text.TIM_TI1_ConfigInputStage
                0x0000000008002ec0       0x5c ./Drivers/STM32F1xx_HAL_Driver/Src/stm32f1xx_hal_tim.o
 .text.TIM_TI2_ConfigInputStage
                0x0000000008002f1c       0x5e ./Drivers/STM32F1xx_HAL_Driver/Src/stm32f1xx_hal_tim.o
 .text.TIM_ITRx_SetConfig
                0x0000000008002f7a       0x34 ./Drivers/STM32F1xx_HAL_Driver/Src/stm32f1xx_hal_tim.o
 .text.TIM_ETR_SetConfig
                0x0000000008002fae       0x3e ./Drivers/STM32F1xx_HAL_Driver/Src/stm32f1xx_hal_tim.o
                0x0000000008002fae                TIM_ETR_SetConfig
 .text.HAL_TIMEx_MasterConfigSynchronization
                0x0000000008002fec       0xb0 ./Drivers/STM32F1xx_HAL_Driver/Src/stm32f1xx_hal_tim_ex.o
                0x0000000008002fec                HAL_TIMEx_MasterConfigSynchronization
 .text.HAL_TIMEx_CommutCallback
                0x000000000800309c       0x12 ./Drivers/STM32F1xx_HAL_Driver/Src/stm32f1xx_hal_tim_ex.o
                0x000000000800309c                HAL_TIMEx_CommutCallback
 .text.HAL_TIMEx_BreakCallback
                0x00000000080030ae       0x12 ./Drivers/STM32F1xx_HAL_Driver/Src/stm32f1xx_hal_tim_ex.o
                0x00000000080030ae                HAL_TIMEx_BreakCallback
 .text.__libc_init_array
                0x00000000080030c0       0x48 d:/stm32cubeide_1.7.0/stm32cubeide/plugins/com.st.stm32cube.ide.mcu.externaltools.gnu-tools-for-stm32.9-2020-q2-update.win32_2.0.0.202105311346/tools/bin/../lib/gcc/arm-none-eabi/9.3.1/../../../../arm-none-eabi/lib/thumb/v7-m/nofp\libc_nano.a(lib_a-init.o)
                0x00000000080030c0                __libc_init_array
 .text.memset   0x0000000008003108       0x10 d:/stm32cubeide_1.7.0/stm32cubeide/plugins/com.st.stm32cube.ide.mcu.externaltools.gnu-tools-for-stm32.9-2020-q2-update.win32_2.0.0.202105311346/tools/bin/../lib/gcc/arm-none-eabi/9.3.1/../../../../arm-none-eabi/lib/thumb/v7-m/nofp\libc_nano.a(lib_a-memset.o)
                0x0000000008003108                memset
 *(.glue_7)
 .glue_7        0x0000000008003118        0x0 linker stubs
 *(.glue_7t)
 .glue_7t       0x0000000008003118        0x0 linker stubs
 *(.eh_frame)
 .eh_frame      0x0000000008003118        0x0 d:/stm32cubeide_1.7.0/stm32cubeide/plugins/com.st.stm32cube.ide.mcu.externaltools.gnu-tools-for-stm32.9-2020-q2-update.win32_2.0.0.202105311346/tools/bin/../lib/gcc/arm-none-eabi/9.3.1/thumb/v7-m/nofp/crtbegin.o
 *(.init)
 .init          0x0000000008003118        0x4 d:/stm32cubeide_1.7.0/stm32cubeide/plugins/com.st.stm32cube.ide.mcu.externaltools.gnu-tools-for-stm32.9-2020-q2-update.win32_2.0.0.202105311346/tools/bin/../lib/gcc/arm-none-eabi/9.3.1/thumb/v7-m/nofp/crti.o
                0x0000000008003118                _init
 .init          0x000000000800311c        0x8 d:/stm32cubeide_1.7.0/stm32cubeide/plugins/com.st.stm32cube.ide.mcu.externaltools.gnu-tools-for-stm32.9-2020-q2-update.win32_2.0.0.202105311346/tools/bin/../lib/gcc/arm-none-eabi/9.3.1/thumb/v7-m/nofp/crtn.o
 *(.fini)
 .fini          0x0000000008003124        0x4 d:/stm32cubeide_1.7.0/stm32cubeide/plugins/com.st.stm32cube.ide.mcu.externaltools.gnu-tools-for-stm32.9-2020-q2-update.win32_2.0.0.202105311346/tools/bin/../lib/gcc/arm-none-eabi/9.3.1/thumb/v7-m/nofp/crti.o
                0x0000000008003124                _fini
 .fini          0x0000000008003128        0x8 d:/stm32cubeide_1.7.0/stm32cubeide/plugins/com.st.stm32cube.ide.mcu.externaltools.gnu-tools-for-stm32.9-2020-q2-update.win32_2.0.0.202105311346/tools/bin/../lib/gcc/arm-none-eabi/9.3.1/thumb/v7-m/nofp/crtn.o
                0x0000000008003130                . = ALIGN (0x4)
                0x0000000008003130                _etext = .

.vfp11_veneer   0x0000000008003130        0x0
 .vfp11_veneer  0x0000000008003130        0x0 linker stubs

.v4_bx          0x0000000008003130        0x0
 .v4_bx         0x0000000008003130        0x0 linker stubs

.iplt           0x0000000008003130        0x0
 .iplt          0x0000000008003130        0x0 d:/stm32cubeide_1.7.0/stm32cubeide/plugins/com.st.stm32cube.ide.mcu.externaltools.gnu-tools-for-stm32.9-2020-q2-update.win32_2.0.0.202105311346/tools/bin/../lib/gcc/arm-none-eabi/9.3.1/thumb/v7-m/nofp/crtbegin.o

.rodata         0x0000000008003130       0x24
                0x0000000008003130                . = ALIGN (0x4)
 *(.rodata)
 *(.rodata*)
 .rodata.AHBPrescTable
                0x0000000008003130       0x10 ./Core/Src/system_stm32f1xx.o
                0x0000000008003130                AHBPrescTable
 .rodata.aPLLMULFactorTable.6032
                0x0000000008003140       0x10 ./Drivers/STM32F1xx_HAL_Driver/Src/stm32f1xx_hal_rcc.o
 .rodata.aPredivFactorTable.6033
                0x0000000008003150        0x2 ./Drivers/STM32F1xx_HAL_Driver/Src/stm32f1xx_hal_rcc.o
                0x0000000008003154                . = ALIGN (0x4)
 *fill*         0x0000000008003152        0x2 

.rel.dyn        0x0000000008003154        0x0
 .rel.iplt      0x0000000008003154        0x0 d:/stm32cubeide_1.7.0/stm32cubeide/plugins/com.st.stm32cube.ide.mcu.externaltools.gnu-tools-for-stm32.9-2020-q2-update.win32_2.0.0.202105311346/tools/bin/../lib/gcc/arm-none-eabi/9.3.1/thumb/v7-m/nofp/crtbegin.o

.ARM.extab      0x0000000008003154        0x0
                0x0000000008003154                . = ALIGN (0x4)
 *(.ARM.extab* .gnu.linkonce.armextab.*)
                0x0000000008003154                . = ALIGN (0x4)

.ARM            0x0000000008003154        0x0
                0x0000000008003154                . = ALIGN (0x4)
                0x0000000008003154                __exidx_start = .
 *(.ARM.exidx*)
                0x0000000008003154                __exidx_end = .
                0x0000000008003154                . = ALIGN (0x4)

.preinit_array  0x0000000008003154        0x0
                0x0000000008003154                . = ALIGN (0x4)
                0x0000000008003154                PROVIDE (__preinit_array_start = .)
 *(.preinit_array*)
                0x0000000008003154                PROVIDE (__preinit_array_end = .)
                0x0000000008003154                . = ALIGN (0x4)

.init_array     0x0000000008003154        0x4
                0x0000000008003154                . = ALIGN (0x4)
                0x0000000008003154                PROVIDE (__init_array_start = .)
 *(SORT_BY_NAME(.init_array.*))
 *(.init_array*)
 .init_array    0x0000000008003154        0x4 d:/stm32cubeide_1.7.0/stm32cubeide/plugins/com.st.stm32cube.ide.mcu.externaltools.gnu-tools-for-stm32.9-2020-q2-update.win32_2.0.0.202105311346/tools/bin/../lib/gcc/arm-none-eabi/9.3.1/thumb/v7-m/nofp/crtbegin.o
                0x0000000008003158                PROVIDE (__init_array_end = .)
                0x0000000008003158                . = ALIGN (0x4)

.fini_array     0x0000000008003158        0x4
                0x0000000008003158                . = ALIGN (0x4)
                [!provide]                        PROVIDE (__fini_array_start = .)
 *(SORT_BY_NAME(.fini_array.*))
 *(.fini_array*)
 .fini_array    0x0000000008003158        0x4 d:/stm32cubeide_1.7.0/stm32cubeide/plugins/com.st.stm32cube.ide.mcu.externaltools.gnu-tools-for-stm32.9-2020-q2-update.win32_2.0.0.202105311346/tools/bin/../lib/gcc/arm-none-eabi/9.3.1/thumb/v7-m/nofp/crtbegin.o
                [!provide]                        PROVIDE (__fini_array_end = .)
                0x000000000800315c                . = ALIGN (0x4)
                0x000000000800315c                _sidata = LOADADDR (.data)

.data           0x0000000020000000       0x7c load address 0x000000000800315c
                0x0000000020000000                . = ALIGN (0x4)
                0x0000000020000000                _sdata = .
 *(.data)
 *(.data*)
 .data.key_reg_0
                0x0000000020000000        0xc ./Core/Src/button.o
                0x0000000020000000                key_reg_0
 .data.key_reg_1
                0x000000002000000c        0xc ./Core/Src/button.o
                0x000000002000000c                key_reg_1
 .data.key_reg_2
                0x0000000020000018        0xc ./Core/Src/button.o
                0x0000000020000018                key_reg_2
 .data.key_reg_3
                0x0000000020000024        0xc ./Core/Src/button.o
                0x0000000020000024                key_reg_3
 .data.time_for_key_press
                0x0000000020000030        0xc ./Core/Src/button.o
                0x0000000020000030                time_for_key_press
 .data.gpio_pin
                0x000000002000003c        0xc ./Core/Src/button.o
                0x000000002000003c                gpio_pin
 .data.gpio_port
                0x0000000020000048        0xc ./Core/Src/button.o
                0x0000000020000048                gpio_port
 .data.red_timer
                0x0000000020000054        0x4 ./Core/Src/global.o
                0x0000000020000054                red_timer
 .data.yellow_timer
                0x0000000020000058        0x4 ./Core/Src/global.o
                0x0000000020000058                yellow_timer
 .data.green_timer
                0x000000002000005c        0x4 ./Core/Src/global.o
                0x000000002000005c                green_timer
 .data.led_buffer
                0x0000000020000060       0x10 ./Core/Src/led.o
                0x0000000020000060                led_buffer
 .data.SystemCoreClock
                0x0000000020000070        0x4 ./Core/Src/system_stm32f1xx.o
                0x0000000020000070                SystemCoreClock
 .data.uwTickPrio
                0x0000000020000074        0x4 ./Drivers/STM32F1xx_HAL_Driver/Src/stm32f1xx_hal.o
                0x0000000020000074                uwTickPrio
 .data.uwTickFreq
                0x0000000020000078        0x1 ./Drivers/STM32F1xx_HAL_Driver/Src/stm32f1xx_hal.o
                0x0000000020000078                uwTickFreq
 *(.RamFunc)
 *(.RamFunc*)
                0x000000002000007c                . = ALIGN (0x4)
 *fill*         0x0000000020000079        0x3 
                0x000000002000007c                _edata = .

.igot.plt       0x000000002000007c        0x0 load address 0x00000000080031d8
 .igot.plt      0x000000002000007c        0x0 d:/stm32cubeide_1.7.0/stm32cubeide/plugins/com.st.stm32cube.ide.mcu.externaltools.gnu-tools-for-stm32.9-2020-q2-update.win32_2.0.0.202105311346/tools/bin/../lib/gcc/arm-none-eabi/9.3.1/thumb/v7-m/nofp/crtbegin.o
                0x000000002000007c                . = ALIGN (0x4)

.bss            0x000000002000007c       0xd8 load address 0x00000000080031d8
                0x000000002000007c                _sbss = .
                0x000000002000007c                __bss_start__ = _sbss
 *(.bss)
 .bss           0x000000002000007c       0x1c d:/stm32cubeide_1.7.0/stm32cubeide/plugins/com.st.stm32cube.ide.mcu.externaltools.gnu-tools-for-stm32.9-2020-q2-update.win32_2.0.0.202105311346/tools/bin/../lib/gcc/arm-none-eabi/9.3.1/thumb/v7-m/nofp/crtbegin.o
 *(.bss*)
 .bss.button_flag
                0x0000000020000098        0xc ./Core/Src/button.o
                0x0000000020000098                button_flag
 .bss.timer_man
                0x00000000200000a4        0x4 ./Core/Src/fsm_manual.o
                0x00000000200000a4                timer_man
 .bss.status    0x00000000200000a8        0x4 ./Core/Src/global.o
                0x00000000200000a8                status
 .bss.index_led
                0x00000000200000ac        0x4 ./Core/Src/led.o
                0x00000000200000ac                index_led
 .bss.counter1  0x00000000200000b0        0x4 ./Core/Src/led.o
                0x00000000200000b0                counter1
 .bss.counter2  0x00000000200000b4        0x4 ./Core/Src/led.o
                0x00000000200000b4                counter2
 *(COMMON)
 COMMON         0x00000000200000b8       0x48 ./Core/Src/main.o
                0x00000000200000b8                htim2
 COMMON         0x0000000020000100       0x50 ./Core/Src/software_timer.o
                0x0000000020000100                timer_counter
                0x0000000020000128                timer_flag
 COMMON         0x0000000020000150        0x4 ./Drivers/STM32F1xx_HAL_Driver/Src/stm32f1xx_hal.o
                0x0000000020000150                uwTick
                0x0000000020000154                . = ALIGN (0x4)
                0x0000000020000154                _ebss = .
                0x0000000020000154                __bss_end__ = _ebss

._user_heap_stack
                0x0000000020000154      0x604 load address 0x00000000080031d8
                0x0000000020000158                . = ALIGN (0x8)
 *fill*         0x0000000020000154        0x4 
                [!provide]                        PROVIDE (end = .)
                0x0000000020000158                PROVIDE (_end = .)
                0x0000000020000358                . = (. + _Min_Heap_Size)
 *fill*         0x0000000020000158      0x200 
                0x0000000020000758                . = (. + _Min_Stack_Size)
 *fill*         0x0000000020000358      0x400 
                0x0000000020000758                . = ALIGN (0x8)

/DISCARD/
 libc.a(*)
 libm.a(*)
 libgcc.a(*)

.ARM.attributes
                0x0000000000000000       0x29
 *(.ARM.attributes)
 .ARM.attributes
                0x0000000000000000       0x1d d:/stm32cubeide_1.7.0/stm32cubeide/plugins/com.st.stm32cube.ide.mcu.externaltools.gnu-tools-for-stm32.9-2020-q2-update.win32_2.0.0.202105311346/tools/bin/../lib/gcc/arm-none-eabi/9.3.1/thumb/v7-m/nofp/crti.o
 .ARM.attributes
                0x000000000000001d       0x2d d:/stm32cubeide_1.7.0/stm32cubeide/plugins/com.st.stm32cube.ide.mcu.externaltools.gnu-tools-for-stm32.9-2020-q2-update.win32_2.0.0.202105311346/tools/bin/../lib/gcc/arm-none-eabi/9.3.1/thumb/v7-m/nofp/crtbegin.o
 .ARM.attributes
                0x000000000000004a       0x2d ./Core/Src/button.o
 .ARM.attributes
                0x0000000000000077       0x2d ./Core/Src/fsm_automatic.o
 .ARM.attributes
                0x00000000000000a4       0x2d ./Core/Src/fsm_manual.o
 .ARM.attributes
                0x00000000000000d1       0x33 ./Core/Src/global.o
 .ARM.attributes
                0x0000000000000104       0x2d ./Core/Src/led.o
 .ARM.attributes
                0x0000000000000131       0x2d ./Core/Src/main.o
 .ARM.attributes
                0x000000000000015e       0x2d ./Core/Src/software_timer.o
 .ARM.attributes
                0x000000000000018b       0x2d ./Core/Src/stm32f1xx_hal_msp.o
 .ARM.attributes
                0x00000000000001b8       0x2d ./Core/Src/stm32f1xx_it.o
 .ARM.attributes
                0x00000000000001e5       0x2d ./Core/Src/system_stm32f1xx.o
 .ARM.attributes
                0x0000000000000212       0x2d ./Core/Src/traffic_light.o
 .ARM.attributes
                0x000000000000023f       0x21 ./Core/Startup/startup_stm32f103c6ux.o
 .ARM.attributes
                0x0000000000000260       0x2d ./Drivers/STM32F1xx_HAL_Driver/Src/stm32f1xx_hal.o
 .ARM.attributes
                0x000000000000028d       0x2d ./Drivers/STM32F1xx_HAL_Driver/Src/stm32f1xx_hal_cortex.o
 .ARM.attributes
                0x00000000000002ba       0x2d ./Drivers/STM32F1xx_HAL_Driver/Src/stm32f1xx_hal_gpio.o
 .ARM.attributes
                0x00000000000002e7       0x2d ./Drivers/STM32F1xx_HAL_Driver/Src/stm32f1xx_hal_rcc.o
 .ARM.attributes
                0x0000000000000314       0x2d ./Drivers/STM32F1xx_HAL_Driver/Src/stm32f1xx_hal_tim.o
 .ARM.attributes
                0x0000000000000341       0x2d ./Drivers/STM32F1xx_HAL_Driver/Src/stm32f1xx_hal_tim_ex.o
 .ARM.attributes
                0x000000000000036e       0x2d d:/stm32cubeide_1.7.0/stm32cubeide/plugins/com.st.stm32cube.ide.mcu.externaltools.gnu-tools-for-stm32.9-2020-q2-update.win32_2.0.0.202105311346/tools/bin/../lib/gcc/arm-none-eabi/9.3.1/../../../../arm-none-eabi/lib/thumb/v7-m/nofp\libc_nano.a(lib_a-init.o)
 .ARM.attributes
                0x000000000000039b       0x2d d:/stm32cubeide_1.7.0/stm32cubeide/plugins/com.st.stm32cube.ide.mcu.externaltools.gnu-tools-for-stm32.9-2020-q2-update.win32_2.0.0.202105311346/tools/bin/../lib/gcc/arm-none-eabi/9.3.1/../../../../arm-none-eabi/lib/thumb/v7-m/nofp\libc_nano.a(lib_a-memset.o)
 .ARM.attributes
                0x00000000000003c8       0x1d d:/stm32cubeide_1.7.0/stm32cubeide/plugins/com.st.stm32cube.ide.mcu.externaltools.gnu-tools-for-stm32.9-2020-q2-update.win32_2.0.0.202105311346/tools/bin/../lib/gcc/arm-none-eabi/9.3.1/thumb/v7-m/nofp/crtn.o
OUTPUT(lab3_new.elf elf32-littlearm)
LOAD linker stubs
LOAD d:/stm32cubeide_1.7.0/stm32cubeide/plugins/com.st.stm32cube.ide.mcu.externaltools.gnu-tools-for-stm32.9-2020-q2-update.win32_2.0.0.202105311346/tools/bin/../lib/gcc/arm-none-eabi/9.3.1/../../../../arm-none-eabi/lib/thumb/v7-m/nofp\libc.a
LOAD d:/stm32cubeide_1.7.0/stm32cubeide/plugins/com.st.stm32cube.ide.mcu.externaltools.gnu-tools-for-stm32.9-2020-q2-update.win32_2.0.0.202105311346/tools/bin/../lib/gcc/arm-none-eabi/9.3.1/../../../../arm-none-eabi/lib/thumb/v7-m/nofp\libm.a
LOAD d:/stm32cubeide_1.7.0/stm32cubeide/plugins/com.st.stm32cube.ide.mcu.externaltools.gnu-tools-for-stm32.9-2020-q2-update.win32_2.0.0.202105311346/tools/bin/../lib/gcc/arm-none-eabi/9.3.1/thumb/v7-m/nofp\libgcc.a

.debug_info     0x0000000000000000     0x9684
 .debug_info    0x0000000000000000      0x35d ./Core/Src/button.o
 .debug_info    0x000000000000035d      0x20e ./Core/Src/fsm_automatic.o
 .debug_info    0x000000000000056b      0x252 ./Core/Src/fsm_manual.o
 .debug_info    0x00000000000007bd      0x22e ./Core/Src/global.o
 .debug_info    0x00000000000009eb      0x3d2 ./Core/Src/led.o
 .debug_info    0x0000000000000dbd      0xc2d ./Core/Src/main.o
 .debug_info    0x00000000000019ea       0xfd ./Core/Src/software_timer.o
 .debug_info    0x0000000000001ae7      0xa09 ./Core/Src/stm32f1xx_hal_msp.o
 .debug_info    0x00000000000024f0      0x7b9 ./Core/Src/stm32f1xx_it.o
 .debug_info    0x0000000000002ca9      0x2be ./Core/Src/system_stm32f1xx.o
 .debug_info    0x0000000000002f67      0x2ac ./Core/Src/traffic_light.o
 .debug_info    0x0000000000003213       0x22 ./Core/Startup/startup_stm32f103c6ux.o
 .debug_info    0x0000000000003235      0x74c ./Drivers/STM32F1xx_HAL_Driver/Src/stm32f1xx_hal.o
 .debug_info    0x0000000000003981      0xbbe ./Drivers/STM32F1xx_HAL_Driver/Src/stm32f1xx_hal_cortex.o
 .debug_info    0x000000000000453f      0x701 ./Drivers/STM32F1xx_HAL_Driver/Src/stm32f1xx_hal_gpio.o
 .debug_info    0x0000000000004c40      0x893 ./Drivers/STM32F1xx_HAL_Driver/Src/stm32f1xx_hal_rcc.o
 .debug_info    0x00000000000054d3     0x2c32 ./Drivers/STM32F1xx_HAL_Driver/Src/stm32f1xx_hal_tim.o
 .debug_info    0x0000000000008105     0x157f ./Drivers/STM32F1xx_HAL_Driver/Src/stm32f1xx_hal_tim_ex.o

.debug_abbrev   0x0000000000000000     0x1bcc
 .debug_abbrev  0x0000000000000000      0x177 ./Core/Src/button.o
 .debug_abbrev  0x0000000000000177       0xb6 ./Core/Src/fsm_automatic.o
 .debug_abbrev  0x000000000000022d       0xc5 ./Core/Src/fsm_manual.o
 .debug_abbrev  0x00000000000002f2       0xa9 ./Core/Src/global.o
 .debug_abbrev  0x000000000000039b      0x172 ./Core/Src/led.o
 .debug_abbrev  0x000000000000050d      0x22c ./Core/Src/main.o
 .debug_abbrev  0x0000000000000739       0xf1 ./Core/Src/software_timer.o
 .debug_abbrev  0x000000000000082a      0x1b7 ./Core/Src/stm32f1xx_hal_msp.o
 .debug_abbrev  0x00000000000009e1      0x176 ./Core/Src/stm32f1xx_it.o
 .debug_abbrev  0x0000000000000b57      0x14e ./Core/Src/system_stm32f1xx.o
 .debug_abbrev  0x0000000000000ca5       0xf6 ./Core/Src/traffic_light.o
 .debug_abbrev  0x0000000000000d9b       0x12 ./Core/Startup/startup_stm32f103c6ux.o
 .debug_abbrev  0x0000000000000dad      0x1ed ./Drivers/STM32F1xx_HAL_Driver/Src/stm32f1xx_hal.o
 .debug_abbrev  0x0000000000000f9a      0x313 ./Drivers/STM32F1xx_HAL_Driver/Src/stm32f1xx_hal_cortex.o
 .debug_abbrev  0x00000000000012ad      0x1e8 ./Drivers/STM32F1xx_HAL_Driver/Src/stm32f1xx_hal_gpio.o
 .debug_abbrev  0x0000000000001495      0x273 ./Drivers/STM32F1xx_HAL_Driver/Src/stm32f1xx_hal_rcc.o
 .debug_abbrev  0x0000000000001708      0x25e ./Drivers/STM32F1xx_HAL_Driver/Src/stm32f1xx_hal_tim.o
 .debug_abbrev  0x0000000000001966      0x266 ./Drivers/STM32F1xx_HAL_Driver/Src/stm32f1xx_hal_tim_ex.o

.debug_aranges  0x0000000000000000      0xa98
 .debug_aranges
                0x0000000000000000       0x30 ./Core/Src/button.o
 .debug_aranges
                0x0000000000000030       0x20 ./Core/Src/fsm_automatic.o
 .debug_aranges
                0x0000000000000050       0x38 ./Core/Src/fsm_manual.o
 .debug_aranges
                0x0000000000000088       0x18 ./Core/Src/global.o
 .debug_aranges
                0x00000000000000a0       0x48 ./Core/Src/led.o
 .debug_aranges
                0x00000000000000e8       0x48 ./Core/Src/main.o
 .debug_aranges
                0x0000000000000130       0x30 ./Core/Src/software_timer.o
 .debug_aranges
                0x0000000000000160       0x30 ./Core/Src/stm32f1xx_hal_msp.o
 .debug_aranges
                0x0000000000000190       0x68 ./Core/Src/stm32f1xx_it.o
 .debug_aranges
                0x00000000000001f8       0x28 ./Core/Src/system_stm32f1xx.o
 .debug_aranges
                0x0000000000000220       0x50 ./Core/Src/traffic_light.o
 .debug_aranges
                0x0000000000000270       0x28 ./Core/Startup/startup_stm32f103c6ux.o
 .debug_aranges
                0x0000000000000298       0xe0 ./Drivers/STM32F1xx_HAL_Driver/Src/stm32f1xx_hal.o
 .debug_aranges
                0x0000000000000378      0x100 ./Drivers/STM32F1xx_HAL_Driver/Src/stm32f1xx_hal_cortex.o
 .debug_aranges
                0x0000000000000478       0x58 ./Drivers/STM32F1xx_HAL_Driver/Src/stm32f1xx_hal_gpio.o
 .debug_aranges
                0x00000000000004d0       0x90 ./Drivers/STM32F1xx_HAL_Driver/Src/stm32f1xx_hal_rcc.o
 .debug_aranges
                0x0000000000000560      0x3d0 ./Drivers/STM32F1xx_HAL_Driver/Src/stm32f1xx_hal_tim.o
 .debug_aranges
                0x0000000000000930      0x168 ./Drivers/STM32F1xx_HAL_Driver/Src/stm32f1xx_hal_tim_ex.o

.debug_ranges   0x0000000000000000      0x978
 .debug_ranges  0x0000000000000000       0x20 ./Core/Src/button.o
 .debug_ranges  0x0000000000000020       0x10 ./Core/Src/fsm_automatic.o
 .debug_ranges  0x0000000000000030       0x28 ./Core/Src/fsm_manual.o
 .debug_ranges  0x0000000000000058       0x38 ./Core/Src/led.o
 .debug_ranges  0x0000000000000090       0x38 ./Core/Src/main.o
 .debug_ranges  0x00000000000000c8       0x20 ./Core/Src/software_timer.o
 .debug_ranges  0x00000000000000e8       0x20 ./Core/Src/stm32f1xx_hal_msp.o
 .debug_ranges  0x0000000000000108       0x58 ./Core/Src/stm32f1xx_it.o
 .debug_ranges  0x0000000000000160       0x18 ./Core/Src/system_stm32f1xx.o
 .debug_ranges  0x0000000000000178       0x40 ./Core/Src/traffic_light.o
 .debug_ranges  0x00000000000001b8       0x20 ./Core/Startup/startup_stm32f103c6ux.o
 .debug_ranges  0x00000000000001d8       0xd0 ./Drivers/STM32F1xx_HAL_Driver/Src/stm32f1xx_hal.o
 .debug_ranges  0x00000000000002a8       0xf0 ./Drivers/STM32F1xx_HAL_Driver/Src/stm32f1xx_hal_cortex.o
 .debug_ranges  0x0000000000000398       0x48 ./Drivers/STM32F1xx_HAL_Driver/Src/stm32f1xx_hal_gpio.o
 .debug_ranges  0x00000000000003e0       0x80 ./Drivers/STM32F1xx_HAL_Driver/Src/stm32f1xx_hal_rcc.o
 .debug_ranges  0x0000000000000460      0x3c0 ./Drivers/STM32F1xx_HAL_Driver/Src/stm32f1xx_hal_tim.o
 .debug_ranges  0x0000000000000820      0x158 ./Drivers/STM32F1xx_HAL_Driver/Src/stm32f1xx_hal_tim_ex.o

.debug_macro    0x0000000000000000    0x16e93
 .debug_macro   0x0000000000000000      0x1bb ./Core/Src/button.o
 .debug_macro   0x00000000000001bb      0xa9c ./Core/Src/button.o
 .debug_macro   0x0000000000000c57      0x215 ./Core/Src/button.o
 .debug_macro   0x0000000000000e6c       0x2e ./Core/Src/button.o
 .debug_macro   0x0000000000000e9a       0x22 ./Core/Src/button.o
 .debug_macro   0x0000000000000ebc       0x22 ./Core/Src/button.o
 .debug_macro   0x0000000000000ede       0x8e ./Core/Src/button.o
 .debug_macro   0x0000000000000f6c       0x51 ./Core/Src/button.o
 .debug_macro   0x0000000000000fbd      0x103 ./Core/Src/button.o
 .debug_macro   0x00000000000010c0       0x6a ./Core/Src/button.o
 .debug_macro   0x000000000000112a      0x1df ./Core/Src/button.o
 .debug_macro   0x0000000000001309       0x1c ./Core/Src/button.o
 .debug_macro   0x0000000000001325       0x22 ./Core/Src/button.o
 .debug_macro   0x0000000000001347       0xc3 ./Core/Src/button.o
 .debug_macro   0x000000000000140a      0xd23 ./Core/Src/button.o
 .debug_macro   0x000000000000212d     0xde75 ./Core/Src/button.o
 .debug_macro   0x000000000000ffa2       0x6d ./Core/Src/button.o
 .debug_macro   0x000000000001000f     0x34a2 ./Core/Src/button.o
 .debug_macro   0x00000000000134b1      0x174 ./Core/Src/button.o
 .debug_macro   0x0000000000013625       0x5c ./Core/Src/button.o
 .debug_macro   0x0000000000013681      0x5bc ./Core/Src/button.o
 .debug_macro   0x0000000000013c3d      0x1b7 ./Core/Src/button.o
 .debug_macro   0x0000000000013df4      0x1cb ./Core/Src/button.o
 .debug_macro   0x0000000000013fbf      0x114 ./Core/Src/button.o
 .debug_macro   0x00000000000140d3      0x1b2 ./Core/Src/button.o
 .debug_macro   0x0000000000014285       0x27 ./Core/Src/button.o
 .debug_macro   0x00000000000142ac      0x12f ./Core/Src/button.o
 .debug_macro   0x00000000000143db      0x1bc ./Core/Src/button.o
 .debug_macro   0x0000000000014597       0x34 ./Core/Src/button.o
 .debug_macro   0x00000000000145cb       0x3c ./Core/Src/button.o
 .debug_macro   0x0000000000014607       0x57 ./Core/Src/button.o
 .debug_macro   0x000000000001465e       0x87 ./Core/Src/button.o
 .debug_macro   0x00000000000146e5      0x183 ./Core/Src/button.o
 .debug_macro   0x0000000000014868      0x140 ./Core/Src/button.o
 .debug_macro   0x00000000000149a8      0x8ed ./Core/Src/button.o
 .debug_macro   0x0000000000015295       0x69 ./Core/Src/button.o
 .debug_macro   0x00000000000152fe       0x70 ./Core/Src/button.o
 .debug_macro   0x000000000001536e       0x10 ./Core/Src/button.o
 .debug_macro   0x000000000001537e      0x1f3 ./Core/Src/fsm_automatic.o
 .debug_macro   0x0000000000015571       0x16 ./Core/Src/fsm_automatic.o
 .debug_macro   0x0000000000015587       0x16 ./Core/Src/fsm_automatic.o
 .debug_macro   0x000000000001559d       0x5e ./Core/Src/fsm_automatic.o
 .debug_macro   0x00000000000155fb      0x1f3 ./Core/Src/fsm_manual.o
 .debug_macro   0x00000000000157ee      0x1db ./Core/Src/global.o
 .debug_macro   0x00000000000159c9      0x1df ./Core/Src/led.o
 .debug_macro   0x0000000000015ba8      0x1ff ./Core/Src/main.o
 .debug_macro   0x0000000000015da7       0x1a ./Core/Src/software_timer.o
 .debug_macro   0x0000000000015dc1      0x1a6 ./Core/Src/stm32f1xx_hal_msp.o
 .debug_macro   0x0000000000015f67      0x1b0 ./Core/Src/stm32f1xx_it.o
 .debug_macro   0x0000000000016117      0x197 ./Core/Src/system_stm32f1xx.o
 .debug_macro   0x00000000000162ae      0x1b9 ./Core/Src/traffic_light.o
 .debug_macro   0x0000000000016467      0x1bb ./Drivers/STM32F1xx_HAL_Driver/Src/stm32f1xx_hal.o
 .debug_macro   0x0000000000016622      0x197 ./Drivers/STM32F1xx_HAL_Driver/Src/stm32f1xx_hal_cortex.o
 .debug_macro   0x00000000000167b9      0x202 ./Drivers/STM32F1xx_HAL_Driver/Src/stm32f1xx_hal_gpio.o
 .debug_macro   0x00000000000169bb      0x1a9 ./Drivers/STM32F1xx_HAL_Driver/Src/stm32f1xx_hal_rcc.o
 .debug_macro   0x0000000000016b64      0x198 ./Drivers/STM32F1xx_HAL_Driver/Src/stm32f1xx_hal_tim.o
 .debug_macro   0x0000000000016cfc      0x197 ./Drivers/STM32F1xx_HAL_Driver/Src/stm32f1xx_hal_tim_ex.o

.debug_line     0x0000000000000000     0xc072
 .debug_line    0x0000000000000000      0x70e ./Core/Src/button.o
 .debug_line    0x000000000000070e      0x7c0 ./Core/Src/fsm_automatic.o
 .debug_line    0x0000000000000ece      0x84f ./Core/Src/fsm_manual.o
 .debug_line    0x000000000000171d      0x67d ./Core/Src/global.o
 .debug_line    0x0000000000001d9a      0x7be ./Core/Src/led.o
 .debug_line    0x0000000000002558      0x7e6 ./Core/Src/main.o
 .debug_line    0x0000000000002d3e       0xdc ./Core/Src/software_timer.o
 .debug_line    0x0000000000002e1a      0x695 ./Core/Src/stm32f1xx_hal_msp.o
 .debug_line    0x00000000000034af      0x733 ./Core/Src/stm32f1xx_it.o
 .debug_line    0x0000000000003be2      0x6d7 ./Core/Src/system_stm32f1xx.o
 .debug_line    0x00000000000042b9      0x73d ./Core/Src/traffic_light.o
 .debug_line    0x00000000000049f6       0x86 ./Core/Startup/startup_stm32f103c6ux.o
 .debug_line    0x0000000000004a7c      0x904 ./Drivers/STM32F1xx_HAL_Driver/Src/stm32f1xx_hal.o
 .debug_line    0x0000000000005380      0xaec ./Drivers/STM32F1xx_HAL_Driver/Src/stm32f1xx_hal_cortex.o
 .debug_line    0x0000000000005e6c      0x987 ./Drivers/STM32F1xx_HAL_Driver/Src/stm32f1xx_hal_gpio.o
 .debug_line    0x00000000000067f3      0xd10 ./Drivers/STM32F1xx_HAL_Driver/Src/stm32f1xx_hal_rcc.o
 .debug_line    0x0000000000007503     0x3355 ./Drivers/STM32F1xx_HAL_Driver/Src/stm32f1xx_hal_tim.o
 .debug_line    0x000000000000a858     0x181a ./Drivers/STM32F1xx_HAL_Driver/Src/stm32f1xx_hal_tim_ex.o

.debug_str      0x0000000000000000    0x8236b
 .debug_str     0x0000000000000000    0x7f691 ./Core/Src/button.o
                                      0x7f9e4 (size before relaxing)
 .debug_str     0x000000000007f691      0x1f6 ./Core/Src/fsm_automatic.o
                                      0x7fae6 (size before relaxing)
 .debug_str     0x000000000007f887       0x4c ./Core/Src/fsm_manual.o
                                      0x7fb04 (size before relaxing)
 .debug_str     0x000000000007f8d3       0x15 ./Core/Src/global.o
                                      0x7fa9a (size before relaxing)
 .debug_str     0x000000000007f8e8       0x8f ./Core/Src/led.o
                                      0x7fb45 (size before relaxing)
 .debug_str     0x000000000007f977      0x6df ./Core/Src/main.o
                                      0x8028e (size before relaxing)
 .debug_str     0x0000000000080056       0x58 ./Core/Src/software_timer.o
                                       0x2dd7 (size before relaxing)
 .debug_str     0x00000000000800ae      0x2ba ./Core/Src/stm32f1xx_hal_msp.o
                                      0x800c8 (size before relaxing)
 .debug_str     0x0000000000080368       0xcd ./Core/Src/stm32f1xx_it.o
                                      0x7fe2a (size before relaxing)
 .debug_str     0x0000000000080435       0x52 ./Core/Src/system_stm32f1xx.o
                                      0x7f75a (size before relaxing)
 .debug_str     0x0000000000080487       0x6b ./Core/Src/traffic_light.o
                                      0x7f980 (size before relaxing)
 .debug_str     0x00000000000804f2       0x36 ./Core/Startup/startup_stm32f103c6ux.o
                                         0x4e (size before relaxing)
 .debug_str     0x0000000000080528      0x304 ./Drivers/STM32F1xx_HAL_Driver/Src/stm32f1xx_hal.o
                                      0x7fdb1 (size before relaxing)
 .debug_str     0x000000000008082c      0x300 ./Drivers/STM32F1xx_HAL_Driver/Src/stm32f1xx_hal_cortex.o
                                      0x7fdb9 (size before relaxing)
 .debug_str     0x0000000000080b2c      0x324 ./Drivers/STM32F1xx_HAL_Driver/Src/stm32f1xx_hal_gpio.o
                                      0x7fb1e (size before relaxing)
 .debug_str     0x0000000000080e50      0x24f ./Drivers/STM32F1xx_HAL_Driver/Src/stm32f1xx_hal_rcc.o
                                      0x7fb57 (size before relaxing)
 .debug_str     0x000000000008109f      0xdde ./Drivers/STM32F1xx_HAL_Driver/Src/stm32f1xx_hal_tim.o
                                      0x80b40 (size before relaxing)
 .debug_str     0x0000000000081e7d      0x4ee ./Drivers/STM32F1xx_HAL_Driver/Src/stm32f1xx_hal_tim_ex.o
                                      0x802e1 (size before relaxing)

.comment        0x0000000000000000       0x53
 .comment       0x0000000000000000       0x53 ./Core/Src/button.o
                                         0x54 (size before relaxing)
 .comment       0x0000000000000053       0x54 ./Core/Src/fsm_automatic.o
 .comment       0x0000000000000053       0x54 ./Core/Src/fsm_manual.o
 .comment       0x0000000000000053       0x54 ./Core/Src/global.o
 .comment       0x0000000000000053       0x54 ./Core/Src/led.o
 .comment       0x0000000000000053       0x54 ./Core/Src/main.o
 .comment       0x0000000000000053       0x54 ./Core/Src/software_timer.o
 .comment       0x0000000000000053       0x54 ./Core/Src/stm32f1xx_hal_msp.o
 .comment       0x0000000000000053       0x54 ./Core/Src/stm32f1xx_it.o
 .comment       0x0000000000000053       0x54 ./Core/Src/system_stm32f1xx.o
 .comment       0x0000000000000053       0x54 ./Core/Src/traffic_light.o
 .comment       0x0000000000000053       0x54 ./Drivers/STM32F1xx_HAL_Driver/Src/stm32f1xx_hal.o
 .comment       0x0000000000000053       0x54 ./Drivers/STM32F1xx_HAL_Driver/Src/stm32f1xx_hal_cortex.o
 .comment       0x0000000000000053       0x54 ./Drivers/STM32F1xx_HAL_Driver/Src/stm32f1xx_hal_gpio.o
 .comment       0x0000000000000053       0x54 ./Drivers/STM32F1xx_HAL_Driver/Src/stm32f1xx_hal_rcc.o
 .comment       0x0000000000000053       0x54 ./Drivers/STM32F1xx_HAL_Driver/Src/stm32f1xx_hal_tim.o
 .comment       0x0000000000000053       0x54 ./Drivers/STM32F1xx_HAL_Driver/Src/stm32f1xx_hal_tim_ex.o

.debug_frame    0x0000000000000000     0x2934
 .debug_frame   0x0000000000000000       0x84 ./Core/Src/button.o
 .debug_frame   0x0000000000000084       0x30 ./Core/Src/fsm_automatic.o
 .debug_frame   0x00000000000000b4       0x80 ./Core/Src/fsm_manual.o
 .debug_frame   0x0000000000000134       0xe0 ./Core/Src/led.o
 .debug_frame   0x0000000000000214       0xd4 ./Core/Src/main.o
 .debug_frame   0x00000000000002e8       0x88 ./Core/Src/software_timer.o
 .debug_frame   0x0000000000000370       0x80 ./Core/Src/stm32f1xx_hal_msp.o
 .debug_frame   0x00000000000003f0      0x120 ./Core/Src/stm32f1xx_it.o
 .debug_frame   0x0000000000000510       0x58 ./Core/Src/system_stm32f1xx.o
 .debug_frame   0x0000000000000568       0xd4 ./Core/Src/traffic_light.o
 .debug_frame   0x000000000000063c      0x334 ./Drivers/STM32F1xx_HAL_Driver/Src/stm32f1xx_hal.o
 .debug_frame   0x0000000000000970      0x428 ./Drivers/STM32F1xx_HAL_Driver/Src/stm32f1xx_hal_cortex.o
 .debug_frame   0x0000000000000d98      0x14c ./Drivers/STM32F1xx_HAL_Driver/Src/stm32f1xx_hal_gpio.o
 .debug_frame   0x0000000000000ee4      0x218 ./Drivers/STM32F1xx_HAL_Driver/Src/stm32f1xx_hal_rcc.o
 .debug_frame   0x00000000000010fc     0x11b4 ./Drivers/STM32F1xx_HAL_Driver/Src/stm32f1xx_hal_tim.o
 .debug_frame   0x00000000000022b0      0x638 ./Drivers/STM32F1xx_HAL_Driver/Src/stm32f1xx_hal_tim_ex.o
 .debug_frame   0x00000000000028e8       0x2c d:/stm32cubeide_1.7.0/stm32cubeide/plugins/com.st.stm32cube.ide.mcu.externaltools.gnu-tools-for-stm32.9-2020-q2-update.win32_2.0.0.202105311346/tools/bin/../lib/gcc/arm-none-eabi/9.3.1/../../../../arm-none-eabi/lib/thumb/v7-m/nofp\libc_nano.a(lib_a-init.o)
 .debug_frame   0x0000000000002914       0x20 d:/stm32cubeide_1.7.0/stm32cubeide/plugins/com.st.stm32cube.ide.mcu.externaltools.gnu-tools-for-stm32.9-2020-q2-update.win32_2.0.0.202105311346/tools/bin/../lib/gcc/arm-none-eabi/9.3.1/../../../../arm-none-eabi/lib/thumb/v7-m/nofp\libc_nano.a(lib_a-memset.o)
